// Jest Snapshot v1, https://goo.gl/fbAQLP

exports[`MyComponent should render correctly in "debug" mode 1`] = `
<div
  className="control"
>
  <textarea
    className="textarea"
    placeholder=""
  />
</div>
`;

exports[`TextArea should render correctly in "debug" mode 1`] = `
<div
  className="control"
>
  <textarea
    className="textarea"
    placeholder=""
  />
</div>
`;
